// Jest Snapshot v1, https://goo.gl/fbAQLP

exports[`renders without crashing 1`] = `
Array [
  <h1
    className="my-4 text-center text-2xl font-bold"
  >
    Temperature Converter
  </h1>,
  <main>
    <form
      className="mx-auto mt-8 flex w-1/3 justify-between"
    >
      <div
        className="flex flex-col gap-y-1"
      >
        <label
          htmlFor="celsius"
        >
          Celsius
        </label>
        <input
          className="w-36 rounded border"
          id="celsius"
          onChange={[Function]}
          type="number"
          value={0}
        />
      </div>
      <div
        className="flex flex-col gap-y-1"
      >
        <label
          htmlFor="fahrenheit"
        >
          Fahrenheit
        </label>
        <input
          className="w-36 rounded border"
          id="fahrenheit"
          onChange={[Function]}
          type="number"
          value={0}
        />
      </div>
    </form>
  </main>,
]
`;
